[12:00:39] Command : cluster-admin.py pause --cluster-name test-api
[12:00:39] Started : 2026-08-11T12:00:39.675111
[12:00:39] Log file: cluster-admin-2026-08-11T12-00-39.log
[12:00:39] Atlas API mode: latest (resolved to 2025-03-12; Accept: application/vnd.atlas.2025-03-12+json)
[12:00:39] 
[12:00:39] Pausing Atlas cluster: test-api
[12:00:40] HTTP 200
[12:00:40] Response body:
[12:00:40] {
[12:00:40]   "adaptiveCapacity": null,
[12:00:40]   "advancedConfiguration": {
[12:00:40]     "customOpensslCipherConfigTls12": [],
[12:00:40]     "customOpensslCipherConfigTls13": [],
[12:00:40]     "minimumEnabledTlsProtocol": "TLS1_2",
[12:00:40]     "tlsCipherConfigMode": "DEFAULT"
[12:00:40]   },
[12:00:40]   "backupEnabled": false,
[12:00:40]   "biConnector": {
[12:00:40]     "enabled": false,
[12:00:40]     "readPreference": "secondary"
[12:00:40]   },
[12:00:40]   "clusterType": "REPLICASET",
[12:00:40]   "connectionStrings": {
[12:00:40]     "standard": "mongodb://test-api-shard-00-00.wqko5.mongodb.net:27017,test-api-shard-00-01.wqko5.mongodb.net:27017,test-api-shard-00-02.wqko5.mongodb.net:27017/?ssl=true&authSource=admin&replicaSet=atlas-zmm906-shard-0",
[12:00:40]     "standardSrv": "mongodb+srv://test-api.wqko5.mongodb.net"
[12:00:40]   },
[12:00:40]   "createDate": "2026-08-03T01:57:00Z",
[12:00:40]   "diskWarmingMode": "FULLY_WARMED",
[12:00:40]   "effectiveIntelligentWorkloadManagementPolicies": {},
[12:00:40]   "effectiveReplicationSpecs": [
[12:00:40]     {
[12:00:40]       "id": "6a6ff56cf83e60c28f4ed0fd",
[12:00:40]       "regionConfigs": [
[12:00:40]         {
[12:00:40]           "analyticsSpecs": {
[12:00:40]             "diskIOPS": 3000,
[12:00:40]             "diskSizeGB": 10.0,
[12:00:40]             "ebsVolumeType": "STANDARD",
[12:00:40]             "instanceSize": "M10",
[12:00:40]             "nodeCount": 0
[12:00:40]           },
[12:00:40]           "autoScaling": {
[12:00:40]             "compute": {
[12:00:40]               "enabled": false,
[12:00:40]               "scaleDownEnabled": false
[12:00:40]             },
[12:00:40]             "diskGB": {
[12:00:40]               "enabled": false
[12:00:40]             }
[12:00:40]           },
[12:00:40]           "electableSpecs": {
[12:00:40]             "diskIOPS": 3000,
[12:00:40]             "diskSizeGB": 10.0,
[12:00:40]             "ebsVolumeType": "STANDARD",
[12:00:40]             "instanceSize": "M10",
[12:00:40]             "nodeCount": 3
[12:00:40]           },
[12:00:40]           "priority": 7,
[12:00:40]           "providerName": "AWS",
[12:00:40]           "readOnlySpecs": {
[12:00:40]             "diskIOPS": 3000,
[12:00:40]             "diskSizeGB": 10.0,
[12:00:40]             "ebsVolumeType": "STANDARD",
[12:00:40]             "instanceSize": "M10",
[12:00:40]             "nodeCount": 0
[12:00:40]           },
[12:00:40]           "regionName": "US_EAST_1"
[12:00:40]         }
[12:00:40]       ],
[12:00:40]       "zoneId": "6a6ff56cf83e60c28f4ed0fb",
[12:00:40]       "zoneName": "Zone 1"
[12:00:40]     }
[12:00:40]   ],
[12:00:40]   "encryptionAtRestProvider": "NONE",
[12:00:40]   "featureCompatibilityVersion": "8.0",
[12:00:40]   "globalClusterSelfManagedSharding": false,
[12:00:40]   "groupId": "658eee9170ea5353a4cd9041",
[12:00:40]   "id": "6a6ff56cf83e60c28f4ed189",
[12:00:40]   "internalClusterRole": "NONE",
[12:00:40]   "labels": [],
[12:00:40]   "links": [
[12:00:40]     {
[12:00:40]       "href": "https://cloud.mongodb.com/api/atlas/v2/groups/658eee9170ea5353a4cd9041/clusters/test-api",
[12:00:40]       "rel": "self"
[12:00:40]     },
[12:00:40]     {
[12:00:40]       "href": "https://cloud.mongodb.com/api/atlas/v2/groups/658eee9170ea5353a4cd9041/clusters/test-api/backup/restoreJobs",
[12:00:40]       "rel": "https://cloud.mongodb.com/restoreJobs"
[12:00:40]     },
[12:00:40]     {
[12:00:40]       "href": "https://cloud.mongodb.com/api/atlas/v2/groups/658eee9170ea5353a4cd9041/clusters/test-api/backup/snapshots",
[12:00:40]       "rel": "https://cloud.mongodb.com/snapshots"
[12:00:40]     }
[12:00:40]   ],
[12:00:40]   "mongoDBMajorVersion": "8.0",
[12:00:40]   "mongoDBVersion": "8.0.29",
[12:00:40]   "name": "test-api",
[12:00:40]   "paused": true,
[12:00:40]   "pitEnabled": false,
[12:00:40]   "redactClientLogData": false,
[12:00:40]   "replicationSpecs": [
[12:00:40]     {
[12:00:40]       "id": "6a6ff56cf83e60c28f4ed0fd",
[12:00:40]       "regionConfigs": [
[12:00:40]         {
[12:00:40]           "analyticsSpecs": {
[12:00:40]             "diskIOPS": 3000,
[12:00:40]             "diskSizeGB": 10.0,
[12:00:40]             "ebsVolumeType": "STANDARD",
[12:00:40]             "instanceSize": "M10",
[12:00:40]             "nodeCount": 0
[12:00:40]           },
[12:00:40]           "autoScaling": {
[12:00:40]             "compute": {
[12:00:40]               "enabled": false,
[12:00:40]               "scaleDownEnabled": false
[12:00:40]             },
[12:00:40]             "diskGB": {
[12:00:40]               "enabled": false
[12:00:40]             }
[12:00:40]           },
[12:00:40]           "effectiveAnalyticsSpecs": {
[12:00:40]             "diskIOPS": 3000,
[12:00:40]             "diskSizeGB": 10.0,
[12:00:40]             "ebsVolumeType": "STANDARD",
[12:00:40]             "instanceSize": "M10",
[12:00:40]             "nodeCount": 0
[12:00:40]           },
[12:00:40]           "effectiveElectableSpecs": {
[12:00:40]             "diskIOPS": 3000,
[12:00:40]             "diskSizeGB": 10.0,
[12:00:40]             "ebsVolumeType": "STANDARD",
[12:00:40]             "instanceSize": "M10",
[12:00:40]             "nodeCount": 3
[12:00:40]           },
[12:00:40]           "effectiveReadOnlySpecs": {
[12:00:40]             "diskIOPS": 3000,
[12:00:40]             "diskSizeGB": 10.0,
[12:00:40]             "ebsVolumeType": "STANDARD",
[12:00:40]             "instanceSize": "M10",
[12:00:40]             "nodeCount": 0
[12:00:40]           },
[12:00:40]           "electableSpecs": {
[12:00:40]             "diskIOPS": 3000,
[12:00:40]             "diskSizeGB": 10.0,
[12:00:40]             "ebsVolumeType": "STANDARD",
[12:00:40]             "instanceSize": "M10",
[12:00:40]             "nodeCount": 3
[12:00:40]           },
[12:00:40]           "priority": 7,
[12:00:40]           "providerName": "AWS",
[12:00:40]           "readOnlySpecs": {
[12:00:40]             "diskIOPS": 3000,
[12:00:40]             "diskSizeGB": 10.0,
[12:00:40]             "ebsVolumeType": "STANDARD",
[12:00:40]             "instanceSize": "M10",
[12:00:40]             "nodeCount": 0
[12:00:40]           },
[12:00:40]           "regionName": "US_EAST_1"
[12:00:40]         }
[12:00:40]       ],
[12:00:40]       "zoneId": "6a6ff56cf83e60c28f4ed0fb",
[12:00:40]       "zoneName": "Zone 1"
[12:00:40]     }
[12:00:40]   ],
[12:00:40]   "retainBackups": false,
[12:00:40]   "rootCertType": "ISRGROOTX1",
[12:00:40]   "stateName": "UPDATING",
[12:00:40]   "tags": [
[12:00:40]     {
[12:00:40]       "key": "owner",
[12:00:40]       "value": "dennis.spera"
[12:00:40]     },
[12:00:40]     {
[12:00:40]       "key": "keep_until",
[12:00:40]       "value": "2026-08-23"
[12:00:40]     }
[12:00:40]   ],
[12:00:40]   "terminationProtectionEnabled": false,
[12:00:40]   "useAwsTimeBasedSnapshotCopyForFastInitialSync": false,
[12:00:40]   "versionReleaseSystem": "LTS"
[12:00:40] }
[12:00:40] ✓ Cluster 'test-api' is now paused.
